// Jest Snapshot v1, https://goo.gl/fbAQLP

exports[`renders 1`] = `
<DocumentFragment>
  <nav
    class="navbar navbar-expand-lg navbar-dark bg-dark"
  >
    <h1
      class="site-title"
    >
      Recipe Round Up
    </h1>
    <button
      aria-controls="navbarText"
      aria-expanded="false"
      aria-label="Toggle navigation"
      class="navbar-toggler"
      data-target="#navbarText"
      data-toggle="collapse"
      type="button"
    >
      <span
        class="navbar-toggler-icon"
      />
    </button>
    <div
      class="collapse navbar-collapse"
      id="navbarText"
    >
      <ul
        class="navbar-nav mr-auto"
      >
        <li
          class="nav-item"
        >
          Cancelled: 0
        </li>
        <li
          class="nav-item"
        >
          Pending: 0
        </li>
        <li
          class="nav-item"
        >
          In Progress: 0
        </li>
        <li
          class="nav-item"
        >
          Fulfilled: 0
        </li>
      </ul>
    </div>
  </nav>
</DocumentFragment>
`;
